[
  {
    "Σ": 10.2500,
    "Δ": 0.2500,
    "λ": "Some description"
  },
  {
    "Σ": 20.0400,
    "Δ": 0.0400,
    "λ": "Some description"
  },
  {
    "Σ": 12.2250,
    "Δ": 0.2250,
    "λ": "Some description"
  },
  {
    "Σ": 7.2000,
    "Δ": 7.2000,
    "λ": "Some description"
  }
]