using System;

namespace Generated
{
    public class GeneartedClass
    {
        public static Model.ReportModel Test(Model.ProcessingModel model)
        {
            model.Result = (model.InputA + (model.InputB * model.Factor));
            model.Delta = (System.Math.Abs(model.Result.GetValueOrDefault(0D)) - model.InputA);
            model.Description = "Some description";
            Model.ReportModel reportModel = new Model.ReportModel();
            reportModel.Σ = model.Result;
            reportModel.Δ = model.Delta;
            reportModel.λ = model.Description;
            return reportModel;
        }
    }
}